// Jest Snapshot v1, https://goo.gl/fbAQLP

exports[`Register component render correctly Register component render 1`] = `
Object {
  "asFragment": [Function],
  "baseElement": <body>
    <div>
      <div
        class="flex justify-center mt-4 md:mt-16"
      >
        <div
          class="w-full max-w-xs"
        >
          <form
            class="bg-white shadow-md rounded px-8 pt-6 pb-2 mb-4"
          >
            <div
              class="mb-4"
            >
              <label
                class="block text-gray-700 text-sm font-bold mb-2"
                for="playername"
              >
                Player Name
              </label>
              <input
                class="shadow appearance-none border rounded w-full py-2 px-3 text-gray-700 leading-tight focus:outline-none focus:shadow-outline"
                id="playername"
                placeholder="Player Name"
                type="text"
                value=""
              />
            </div>
            <div
              class="mb-4"
            >
              <label
                class="block text-gray-700 text-sm font-bold mb-2"
                for="email"
              >
                Email
              </label>
              <input
                class="shadow appearance-none border rounded w-full py-2 px-3 text-gray-700 leading-tight focus:outline-none focus:shadow-outline"
                id="email"
                placeholder="email"
                type="text"
                value=""
              />
            </div>
            <div
              class="mb-4"
            >
              <label
                class="block text-gray-700 text-sm font-bold mb-2 "
                for="password"
              >
                Password
              </label>
              <input
                class="shadow appearance-none border  rounded w-full py-2 px-3 text-gray-700 leading-tight focus:outline-none focus:shadow-outline"
                id="password"
                placeholder="******************"
                type="password"
                value=""
              />
            </div>
            <div
              class="mb-4"
            >
              <label
                class="block text-gray-700 text-sm font-bold mb-2 "
                for="password"
              >
                Confirm Password
              </label>
              <input
                class="shadow appearance-none border  rounded w-full py-2 px-3 text-gray-700 leading-tight focus:outline-none focus:shadow-outline"
                id="confirmPassword"
                placeholder="******************"
                role="ConfirmPassword"
                type="password"
                value=""
              />
            </div>
            <div
              class="flex items-center justify-between mt-4"
            >
              <button
                class="bg-blue-500 hover:bg-blue-700 text-white font-bold py-2 px-4 rounded focus:outline-none focus:shadow-outline"
                type="submit"
              >
                Register
              </button>
              <a
                class="inline-block align-baseline font-bold text-sm text-blue-500 hover:text-blue-800"
                href="/login"
              >
                <p>
                  Login
                </p>
              </a>
            </div>
            <div
              class="mt-4 mb-2"
            />
          </form>
          <div
            class="text-center"
          >
            <a
              href="https://myidol46.netlify.app/privacy"
              rel="noopener noreferrer"
              target="_blank"
            >
              Privacy Claim
            </a>
          </div>
        </div>
      </div>
    </div>
  </body>,
  "container": <div>
    <div
      class="flex justify-center mt-4 md:mt-16"
    >
      <div
        class="w-full max-w-xs"
      >
        <form
          class="bg-white shadow-md rounded px-8 pt-6 pb-2 mb-4"
        >
          <div
            class="mb-4"
          >
            <label
              class="block text-gray-700 text-sm font-bold mb-2"
              for="playername"
            >
              Player Name
            </label>
            <input
              class="shadow appearance-none border rounded w-full py-2 px-3 text-gray-700 leading-tight focus:outline-none focus:shadow-outline"
              id="playername"
              placeholder="Player Name"
              type="text"
              value=""
            />
          </div>
          <div
            class="mb-4"
          >
            <label
              class="block text-gray-700 text-sm font-bold mb-2"
              for="email"
            >
              Email
            </label>
            <input
              class="shadow appearance-none border rounded w-full py-2 px-3 text-gray-700 leading-tight focus:outline-none focus:shadow-outline"
              id="email"
              placeholder="email"
              type="text"
              value=""
            />
          </div>
          <div
            class="mb-4"
          >
            <label
              class="block text-gray-700 text-sm font-bold mb-2 "
              for="password"
            >
              Password
            </label>
            <input
              class="shadow appearance-none border  rounded w-full py-2 px-3 text-gray-700 leading-tight focus:outline-none focus:shadow-outline"
              id="password"
              placeholder="******************"
              type="password"
              value=""
            />
          </div>
          <div
            class="mb-4"
          >
            <label
              class="block text-gray-700 text-sm font-bold mb-2 "
              for="password"
            >
              Confirm Password
            </label>
            <input
              class="shadow appearance-none border  rounded w-full py-2 px-3 text-gray-700 leading-tight focus:outline-none focus:shadow-outline"
              id="confirmPassword"
              placeholder="******************"
              role="ConfirmPassword"
              type="password"
              value=""
            />
          </div>
          <div
            class="flex items-center justify-between mt-4"
          >
            <button
              class="bg-blue-500 hover:bg-blue-700 text-white font-bold py-2 px-4 rounded focus:outline-none focus:shadow-outline"
              type="submit"
            >
              Register
            </button>
            <a
              class="inline-block align-baseline font-bold text-sm text-blue-500 hover:text-blue-800"
              href="/login"
            >
              <p>
                Login
              </p>
            </a>
          </div>
          <div
            class="mt-4 mb-2"
          />
        </form>
        <div
          class="text-center"
        >
          <a
            href="https://myidol46.netlify.app/privacy"
            rel="noopener noreferrer"
            target="_blank"
          >
            Privacy Claim
          </a>
        </div>
      </div>
    </div>
  </div>,
  "debug": [Function],
  "findAllByAltText": [Function],
  "findAllByDisplayValue": [Function],
  "findAllByLabelText": [Function],
  "findAllByPlaceholderText": [Function],
  "findAllByRole": [Function],
  "findAllByTestId": [Function],
  "findAllByText": [Function],
  "findAllByTitle": [Function],
  "findByAltText": [Function],
  "findByDisplayValue": [Function],
  "findByLabelText": [Function],
  "findByPlaceholderText": [Function],
  "findByRole": [Function],
  "findByTestId": [Function],
  "findByText": [Function],
  "findByTitle": [Function],
  "getAllByAltText": [Function],
  "getAllByDisplayValue": [Function],
  "getAllByLabelText": [Function],
  "getAllByPlaceholderText": [Function],
  "getAllByRole": [Function],
  "getAllByTestId": [Function],
  "getAllByText": [Function],
  "getAllByTitle": [Function],
  "getByAltText": [Function],
  "getByDisplayValue": [Function],
  "getByLabelText": [Function],
  "getByPlaceholderText": [Function],
  "getByRole": [Function],
  "getByTestId": [Function],
  "getByText": [Function],
  "getByTitle": [Function],
  "queryAllByAltText": [Function],
  "queryAllByDisplayValue": [Function],
  "queryAllByLabelText": [Function],
  "queryAllByPlaceholderText": [Function],
  "queryAllByRole": [Function],
  "queryAllByTestId": [Function],
  "queryAllByText": [Function],
  "queryAllByTitle": [Function],
  "queryByAltText": [Function],
  "queryByDisplayValue": [Function],
  "queryByLabelText": [Function],
  "queryByPlaceholderText": [Function],
  "queryByRole": [Function],
  "queryByTestId": [Function],
  "queryByText": [Function],
  "queryByTitle": [Function],
  "rerender": [Function],
  "unmount": [Function],
}
`;
